../Core/Inc/poruke.h:26:6:napraviPoruku	1
../Core/Inc/poruke.h:36:6:posaljiPoruku	2
../Core/Src/main.c:75:5:_write	1
../Core/Src/main.c:84:6:HAL_CAN_RxFifo0MsgPendingCallback	1
../Core/Src/main.c:98:5:main	3
../Core/Src/main.c:175:6:vrtiServoMotor	1
../Core/Src/main.c:209:6:konfigurirajPoruke	1
../Core/Src/main.c:226:6:SystemClock_Config	3
../Core/Src/main.c:272:13:MX_CAN1_Init	3
../Core/Src/main.c:322:13:MX_TIM1_Init	7
../Core/Src/main.c:397:13:MX_USART2_UART_Init	2
../Core/Src/main.c:428:13:MX_DMA_Init	1
../Core/Src/main.c:446:13:MX_GPIO_Init	1
../Core/Src/main.c:469:6:Error_Handler	1
