../Core/Inc/poruke.h:26:6:napraviPoruku	16	static
../Core/Inc/poruke.h:36:6:posaljiPoruku	16	static
../Core/Src/main.c:85:5:_write	24	static
../Core/Src/main.c:94:6:HAL_CAN_RxFifo0MsgPendingCallback	16	static
../Core/Src/main.c:108:5:main	8	static,ignoring_inline_asm
../Core/Src/main.c:179:6:myDelay	16	static
../Core/Src/main.c:191:6:posaljiPorukuUSlobodanMailbox	24	static
../Core/Src/main.c:230:6:vrtiServoMotor	8	static
../Core/Src/main.c:264:6:konfigurirajPoruke	8	static
../Core/Src/main.c:280:6:SystemClock_Config	88	static
../Core/Src/main.c:326:13:MX_CAN1_Init	48	static
../Core/Src/main.c:378:13:MX_SPI1_Init	8	static
../Core/Src/main.c:416:13:MX_TIM1_Init	96	static
../Core/Src/main.c:491:13:MX_TIM2_Init	64	static
../Core/Src/main.c:550:13:MX_USART2_UART_Init	8	static
../Core/Src/main.c:581:13:MX_DMA_Init	16	static
../Core/Src/main.c:599:13:MX_GPIO_Init	48	static
../Core/Src/main.c:657:6:Error_Handler	4	static,ignoring_inline_asm
