../Core/Inc/poruke.h:26:6:napraviPoruku	16	static
../Core/Inc/poruke.h:36:6:posaljiPoruku	16	static
../Core/Src/main.c:75:5:_write	24	static
../Core/Src/main.c:84:6:HAL_CAN_RxFifo0MsgPendingCallback	16	static
../Core/Src/main.c:98:5:main	16	static,ignoring_inline_asm
../Core/Src/main.c:175:6:vrtiServoMotor	8	static
../Core/Src/main.c:209:6:konfigurirajPoruke	8	static
../Core/Src/main.c:226:6:SystemClock_Config	88	static
../Core/Src/main.c:272:13:MX_CAN1_Init	48	static
../Core/Src/main.c:322:13:MX_TIM1_Init	96	static
../Core/Src/main.c:397:13:MX_USART2_UART_Init	8	static
../Core/Src/main.c:428:13:MX_DMA_Init	16	static
../Core/Src/main.c:446:13:MX_GPIO_Init	24	static
../Core/Src/main.c:469:6:Error_Handler	4	static,ignoring_inline_asm
