../Core/Inc/poruke.h:26:6:napraviPoruku	1
../Core/Inc/poruke.h:36:6:posaljiPoruku	2
../Core/Src/main.c:85:5:_write	1
../Core/Src/main.c:94:6:HAL_CAN_RxFifo0MsgPendingCallback	1
../Core/Src/main.c:108:5:main	2
../Core/Src/main.c:179:6:myDelay	2
../Core/Src/main.c:191:6:posaljiPorukuUSlobodanMailbox	9
../Core/Src/main.c:230:6:vrtiServoMotor	1
../Core/Src/main.c:264:6:konfigurirajPoruke	1
../Core/Src/main.c:280:6:SystemClock_Config	3
../Core/Src/main.c:326:13:MX_CAN1_Init	3
../Core/Src/main.c:378:13:MX_SPI1_Init	2
../Core/Src/main.c:416:13:MX_TIM1_Init	7
../Core/Src/main.c:491:13:MX_TIM2_Init	6
../Core/Src/main.c:550:13:MX_USART2_UART_Init	2
../Core/Src/main.c:581:13:MX_DMA_Init	1
../Core/Src/main.c:599:13:MX_GPIO_Init	1
../Core/Src/main.c:657:6:Error_Handler	1
