../Core/Inc/help_functions.h:31:6:word_to_binary_array	24	static
../Core/Inc/help_functions.h:40:10:binary_array_to_word	24	static
../Core/Inc/help_functions.h:53:6:byte_array_to_bit_array10	32	static
../Core/Inc/help_functions.h:63:6:word_to_binary_array10	24	static
../Core/Inc/help_functions.h:71:10:binary_array_to_10bit_word	24	static
../Core/Inc/help_functions.h:84:10:cmdPec	24	static
../Core/Inc/help_functions.h:122:10:dataPec	24	static
../Core/Inc/help_functions.h:164:6:construct_spi_write_frame	40	static
../Core/Inc/help_functions.h:214:7:BMS_read_SPI	32	static
../Core/Inc/help_functions.h:222:7:BMS_command_SPI	24	static
../Core/Inc/help_functions.h:230:7:BMS_write_SPI	32	static
../Core/Inc/help_functions.h:237:7:BMS_read_all_SPI	32	static
../Core/Inc/help_functions.h:246:7:wakeup_dummy	8	static
../Core/Inc/help_functions.h:253:7:send_dummy_byte	8	static
../Core/Inc/help_functions.h:263:7:byte_array_to_bit_array10_data_PEC	40	static
../Core/Inc/help_functions.h:283:7:word_to_binary_array10_data_PEC	24	static
../Core/Inc/help_functions.h:292:7:monitor_cells	16	static
../Core/Src/main.c:92:5:main	16	static
../Core/Src/main.c:217:6:SystemClock_Config	88	static
../Core/Src/main.c:263:13:MX_SPI2_Init	8	static
../Core/Src/main.c:301:13:MX_GPIO_Init	48	static
../Core/Src/main.c:335:6:Error_Handler	4	static,ignoring_inline_asm
